******************************************************************************
             TMS320C2000 Linker PC v6.2.5                      
******************************************************************************
>> Linked Fri May 12 09:45:25 2017

OUTPUT FILE NAME:   <DAB_IMDTC.out>
ENTRY POINT SYMBOL: "_c_int00"  address: 000096dc


MEMORY CONFIGURATION

         name            origin    length      used     unused   attr    fill
----------------------  --------  ---------  --------  --------  ----  --------
PAGE 0:
  BEGIN                 00000000   00000002  00000002  00000000  RWIX
  BOOT_RSVD             00000002   0000004e  00000000  0000004e  RWIX
  RAMM0                 00000050   000003b0  00000000  000003b0  RWIX
  RAML                  00008000   00004000  0000194f  000026b1  RWIX
  ZONE7A                00200000   0000fc00  00000000  0000fc00  RWIX
  CSM_RSVD              0033ff80   00000076  00000000  00000076  RWIX
  CSM_PWL               0033fff8   00000008  00000000  00000008  RWIX
  ADC_CAL               00380080   00000009  00000007  00000002  RWIX
  IQTABLES              003fe000   00000b50  00000000  00000b50  RWIX
  IQTABLES2             003feb50   0000008c  00000000  0000008c  RWIX
  FPUTABLES             003febdc   000006a0  00000000  000006a0  RWIX
  BOOTROM               003ff27c   00000d44  00000000  00000d44  RWIX
  RESET                 003fffc0   00000002  00000000  00000002  RWIX

PAGE 1:
  RAMM                  00000400   00000400  00000300  00000100  RWIX
  DEV_EMU               00000880   00000180  000000d0  000000b0  RWIX
  FLASH_REGS            00000a80   00000060  00000008  00000058  RWIX
  CSM                   00000ae0   00000010  00000010  00000000  RWIX
  ADC_MIRROR            00000b00   00000010  00000010  00000000  RWIX
  XINTF                 00000b20   00000020  0000001e  00000002  RWIX
  CPU_TIMER0            00000c00   00000008  00000008  00000000  RWIX
  CPU_TIMER1            00000c08   00000008  00000008  00000000  RWIX
  CPU_TIMER2            00000c10   00000008  00000008  00000000  RWIX
  PIE_CTRL              00000ce0   00000020  0000001a  00000006  RWIX
  PIE_VECT              00000d00   00000100  00000100  00000000  RWIX
  DMA                   00001000   00000200  000000e0  00000120  RWIX
  MCBSPA                00005000   00000040  00000025  0000001b  RWIX
  MCBSPB                00005040   00000040  00000025  0000001b  RWIX
  ECANA                 00006000   00000040  00000034  0000000c  RWIX
  ECANA_LAM             00006040   00000040  00000040  00000000  RWIX
  ECANA_MOTS            00006080   00000040  00000040  00000000  RWIX
  ECANA_MOTO            000060c0   00000040  00000040  00000000  RWIX
  ECANA_MBOX            00006100   00000100  00000100  00000000  RWIX
  ECANB                 00006200   00000040  00000034  0000000c  RWIX
  ECANB_LAM             00006240   00000040  00000040  00000000  RWIX
  ECANB_MOTS            00006280   00000040  00000040  00000000  RWIX
  ECANB_MOTO            000062c0   00000040  00000040  00000000  RWIX
  ECANB_MBOX            00006300   00000100  00000100  00000000  RWIX
  EPWM1                 00006800   00000022  00000022  00000000  RWIX
  EPWM2                 00006840   00000022  00000022  00000000  RWIX
  EPWM3                 00006880   00000022  00000022  00000000  RWIX
  EPWM4                 000068c0   00000022  00000022  00000000  RWIX
  EPWM5                 00006900   00000022  00000022  00000000  RWIX
  EPWM6                 00006940   00000022  00000022  00000000  RWIX
  ECAP1                 00006a00   00000020  00000020  00000000  RWIX
  ECAP2                 00006a20   00000020  00000020  00000000  RWIX
  ECAP3                 00006a40   00000020  00000020  00000000  RWIX
  ECAP4                 00006a60   00000020  00000020  00000000  RWIX
  ECAP5                 00006a80   00000020  00000020  00000000  RWIX
  ECAP6                 00006aa0   00000020  00000020  00000000  RWIX
  EQEP1                 00006b00   00000040  00000040  00000000  RWIX
  EQEP2                 00006b40   00000040  00000040  00000000  RWIX
  GPIOCTRL              00006f80   00000040  0000002e  00000012  RWIX
  GPIODAT               00006fc0   00000020  00000020  00000000  RWIX
  GPIOINT               00006fe0   00000020  0000000a  00000016  RWIX
  SYSTEM                00007010   00000020  00000020  00000000  RWIX
  SPIA                  00007040   00000010  00000010  00000000  RWIX
  SCIA                  00007050   00000010  00000010  00000000  RWIX
  XINTRUPT              00007070   00000010  00000010  00000000  RWIX
  ADC                   00007100   00000020  0000001e  00000002  RWIX
  SCIB                  00007750   00000010  00000010  00000000  RWIX
  SCIC                  00007770   00000010  00000010  00000000  RWIX
  I2CA                  00007900   00000040  00000022  0000001e  RWIX
  RAMH                  0000c000   00004000  000001d2  00003e2e  RWIX
  ZONE7B                0020fc00   00000400  00000000  00000400  RWIX
  CSM_PWL               0033fff8   00000008  00000008  00000000  RWIX


SECTION ALLOCATION MAP

 output                                  attributes/
section   page    origin      length       input sections
--------  ----  ----------  ----------   ----------------
codestart 
*          0    00000000    00000002     
                  00000000    00000002     DSP2833x_CodeStartBranch.obj (codestart)

.pinit     0    00008000    00000000     UNINITIALIZED

.text      0    00008000    0000181e     
                  00008000    000007e1     imcontrol.obj (.text)
                  000087e1    00000449     main.obj (.text:retain)
                  00008c2a    00000323     DSP2833x_DefaultIsr.obj (.text:retain)
                  00008f4d    000001b5     ysPWM.obj (.text)
                  00009102    00000112     ysPORT.obj (.text)
                  00009214    000000f7     DSP2833x_SysCtrl.obj (.text)
                  0000930b    000000ef     ysADC.obj (.text)
                  000093fa    00000088     rts2800_fpu32.lib : fs_div.obj (.text)
                  00009482    0000007c     DSP2833x_CpuTimers.obj (.text)
                  000094fe    0000006f     ysECAP.obj (.text)
                  0000956d    00000069     ysDAC.obj (.text)
                  000095d6    00000061     rts2800_fpu32.lib : cos.obj (.text)
                  00009637    00000058                       : sin.obj (.text)
                  0000968f    0000004d     main.obj (.text)
                  000096dc    00000046     rts2800_fpu32.lib : boot.obj (.text)
                  00009722    00000033     ysQEP.obj (.text)
                  00009755    00000028     DSP2833x_PieCtrl.obj (.text)
                  0000977d    00000001     --HOLE-- [fill = 0]
                  0000977e    00000023     rts2800_fpu32.lib : sqrt.obj (.text)
                  000097a1    00000020     DSP2833x_PieVect.obj (.text)
                  000097c1    0000001a     rts2800_fpu32.lib : modf.obj (.text)
                  000097db    00000019                       : args_main.obj (.text)
                  000097f4    00000019                       : exit.obj (.text)
                  0000980d    00000009                       : _lock.obj (.text)
                  00009816    00000008     DSP2833x_CodeStartBranch.obj (.text)

.cinit     0    0000981e    0000012d     
                  0000981e    000000a6     imcontrol.obj (.cinit)
                  000098c4    00000065     main.obj (.cinit)
                  00009929    0000000a     rts2800_fpu32.lib : _lock.obj (.cinit)
                  00009933    0000000a                       : exit.obj (.cinit)
                  0000993d    00000004                       : errno.obj (.cinit)
                  00009941    00000004     ysADC.obj (.cinit)
                  00009945    00000004     ysPWM.obj (.cinit)
                  00009949    00000002     --HOLE-- [fill = 0]

ramfuncs   0    0000994b    00000004     
                  0000994b    00000004     DSP2833x_usDelay.obj (ramfuncs)

csm_rsvd   0    0033ff80    00000000     DSECT

csmpasswds 
*          0    0033fff8    00000000     DSECT

.adc_cal   0    00380080    00000007     NOLOAD SECTION
                  00380080    00000007     DSP2833x_ADC_cal.obj (.adc_cal)

.reset     0    003fffc0    00000002     DSECT
                  003fffc0    00000002     rts2800_fpu32.lib : boot.obj (.reset)

.stack     1    00000400    00000300     UNINITIALIZED
                  00000400    00000300     --HOLE--

DevEmuRegsFile 
*          1    00000880    000000d0     UNINITIALIZED
                  00000880    000000d0     DSP2833x_GlobalVariableDefs.obj (DevEmuRegsFile)

FlashRegsFile 
*          1    00000a80    00000008     UNINITIALIZED
                  00000a80    00000008     DSP2833x_GlobalVariableDefs.obj (FlashRegsFile)

CsmRegsFile 
*          1    00000ae0    00000010     UNINITIALIZED
                  00000ae0    00000010     DSP2833x_GlobalVariableDefs.obj (CsmRegsFile)

AdcMirrorFile 
*          1    00000b00    00000010     UNINITIALIZED
                  00000b00    00000010     DSP2833x_GlobalVariableDefs.obj (AdcMirrorFile)

XintfRegsFile 
*          1    00000b20    0000001e     UNINITIALIZED
                  00000b20    0000001e     DSP2833x_GlobalVariableDefs.obj (XintfRegsFile)

CpuTimer0RegsFile 
*          1    00000c00    00000008     UNINITIALIZED
                  00000c00    00000008     DSP2833x_GlobalVariableDefs.obj (CpuTimer0RegsFile)

CpuTimer1RegsFile 
*          1    00000c08    00000008     UNINITIALIZED
                  00000c08    00000008     DSP2833x_GlobalVariableDefs.obj (CpuTimer1RegsFile)

CpuTimer2RegsFile 
*          1    00000c10    00000008     UNINITIALIZED
                  00000c10    00000008     DSP2833x_GlobalVariableDefs.obj (CpuTimer2RegsFile)

PieCtrlRegsFile 
*          1    00000ce0    0000001a     UNINITIALIZED
                  00000ce0    0000001a     DSP2833x_GlobalVariableDefs.obj (PieCtrlRegsFile)

PieVectTableFile 
*          1    00000d00    00000100     UNINITIALIZED
                  00000d00    00000100     DSP2833x_GlobalVariableDefs.obj (PieVectTableFile)

DmaRegsFile 
*          1    00001000    000000e0     UNINITIALIZED
                  00001000    000000e0     DSP2833x_GlobalVariableDefs.obj (DmaRegsFile)

McbspaRegsFile 
*          1    00005000    00000025     UNINITIALIZED
                  00005000    00000025     DSP2833x_GlobalVariableDefs.obj (McbspaRegsFile)

McbspbRegsFile 
*          1    00005040    00000025     UNINITIALIZED
                  00005040    00000025     DSP2833x_GlobalVariableDefs.obj (McbspbRegsFile)

ECanaRegsFile 
*          1    00006000    00000034     UNINITIALIZED
                  00006000    00000034     DSP2833x_GlobalVariableDefs.obj (ECanaRegsFile)

ECanaLAMRegsFile 
*          1    00006040    00000040     UNINITIALIZED
                  00006040    00000040     DSP2833x_GlobalVariableDefs.obj (ECanaLAMRegsFile)

ECanaMOTSRegsFile 
*          1    00006080    00000040     UNINITIALIZED
                  00006080    00000040     DSP2833x_GlobalVariableDefs.obj (ECanaMOTSRegsFile)

ECanaMOTORegsFile 
*          1    000060c0    00000040     UNINITIALIZED
                  000060c0    00000040     DSP2833x_GlobalVariableDefs.obj (ECanaMOTORegsFile)

ECanaMboxesFile 
*          1    00006100    00000100     UNINITIALIZED
                  00006100    00000100     DSP2833x_GlobalVariableDefs.obj (ECanaMboxesFile)

ECanbRegsFile 
*          1    00006200    00000034     UNINITIALIZED
                  00006200    00000034     DSP2833x_GlobalVariableDefs.obj (ECanbRegsFile)

ECanbLAMRegsFile 
*          1    00006240    00000040     UNINITIALIZED
                  00006240    00000040     DSP2833x_GlobalVariableDefs.obj (ECanbLAMRegsFile)

ECanbMOTSRegsFile 
*          1    00006280    00000040     UNINITIALIZED
                  00006280    00000040     DSP2833x_GlobalVariableDefs.obj (ECanbMOTSRegsFile)

ECanbMOTORegsFile 
*          1    000062c0    00000040     UNINITIALIZED
                  000062c0    00000040     DSP2833x_GlobalVariableDefs.obj (ECanbMOTORegsFile)

ECanbMboxesFile 
*          1    00006300    00000100     UNINITIALIZED
                  00006300    00000100     DSP2833x_GlobalVariableDefs.obj (ECanbMboxesFile)

EPwm1RegsFile 
*          1    00006800    00000022     UNINITIALIZED
                  00006800    00000022     DSP2833x_GlobalVariableDefs.obj (EPwm1RegsFile)

EPwm2RegsFile 
*          1    00006840    00000022     UNINITIALIZED
                  00006840    00000022     DSP2833x_GlobalVariableDefs.obj (EPwm2RegsFile)

EPwm3RegsFile 
*          1    00006880    00000022     UNINITIALIZED
                  00006880    00000022     DSP2833x_GlobalVariableDefs.obj (EPwm3RegsFile)

EPwm4RegsFile 
*          1    000068c0    00000022     UNINITIALIZED
                  000068c0    00000022     DSP2833x_GlobalVariableDefs.obj (EPwm4RegsFile)

EPwm5RegsFile 
*          1    00006900    00000022     UNINITIALIZED
                  00006900    00000022     DSP2833x_GlobalVariableDefs.obj (EPwm5RegsFile)

EPwm6RegsFile 
*          1    00006940    00000022     UNINITIALIZED
                  00006940    00000022     DSP2833x_GlobalVariableDefs.obj (EPwm6RegsFile)

ECap1RegsFile 
*          1    00006a00    00000020     UNINITIALIZED
                  00006a00    00000020     DSP2833x_GlobalVariableDefs.obj (ECap1RegsFile)

ECap2RegsFile 
*          1    00006a20    00000020     UNINITIALIZED
                  00006a20    00000020     DSP2833x_GlobalVariableDefs.obj (ECap2RegsFile)

ECap3RegsFile 
*          1    00006a40    00000020     UNINITIALIZED
                  00006a40    00000020     DSP2833x_GlobalVariableDefs.obj (ECap3RegsFile)

ECap4RegsFile 
*          1    00006a60    00000020     UNINITIALIZED
                  00006a60    00000020     DSP2833x_GlobalVariableDefs.obj (ECap4RegsFile)

ECap5RegsFile 
*          1    00006a80    00000020     UNINITIALIZED
                  00006a80    00000020     DSP2833x_GlobalVariableDefs.obj (ECap5RegsFile)

ECap6RegsFile 
*          1    00006aa0    00000020     UNINITIALIZED
                  00006aa0    00000020     DSP2833x_GlobalVariableDefs.obj (ECap6RegsFile)

EQep1RegsFile 
*          1    00006b00    00000040     UNINITIALIZED
                  00006b00    00000040     DSP2833x_GlobalVariableDefs.obj (EQep1RegsFile)

EQep2RegsFile 
*          1    00006b40    00000040     UNINITIALIZED
                  00006b40    00000040     DSP2833x_GlobalVariableDefs.obj (EQep2RegsFile)

GpioCtrlRegsFile 
*          1    00006f80    0000002e     UNINITIALIZED
                  00006f80    0000002e     DSP2833x_GlobalVariableDefs.obj (GpioCtrlRegsFile)

GpioDataRegsFile 
*          1    00006fc0    00000020     UNINITIALIZED
                  00006fc0    00000020     DSP2833x_GlobalVariableDefs.obj (GpioDataRegsFile)

GpioIntRegsFile 
*          1    00006fe0    0000000a     UNINITIALIZED
                  00006fe0    0000000a     DSP2833x_GlobalVariableDefs.obj (GpioIntRegsFile)

SysCtrlRegsFile 
*          1    00007010    00000020     UNINITIALIZED
                  00007010    00000020     DSP2833x_GlobalVariableDefs.obj (SysCtrlRegsFile)

SpiaRegsFile 
*          1    00007040    00000010     UNINITIALIZED
                  00007040    00000010     DSP2833x_GlobalVariableDefs.obj (SpiaRegsFile)

SciaRegsFile 
*          1    00007050    00000010     UNINITIALIZED
                  00007050    00000010     DSP2833x_GlobalVariableDefs.obj (SciaRegsFile)

XIntruptRegsFile 
*          1    00007070    00000010     UNINITIALIZED
                  00007070    00000010     DSP2833x_GlobalVariableDefs.obj (XIntruptRegsFile)

AdcRegsFile 
*          1    00007100    0000001e     UNINITIALIZED
                  00007100    0000001e     DSP2833x_GlobalVariableDefs.obj (AdcRegsFile)

ScibRegsFile 
*          1    00007750    00000010     UNINITIALIZED
                  00007750    00000010     DSP2833x_GlobalVariableDefs.obj (ScibRegsFile)

ScicRegsFile 
*          1    00007770    00000010     UNINITIALIZED
                  00007770    00000010     DSP2833x_GlobalVariableDefs.obj (ScicRegsFile)

I2caRegsFile 
*          1    00007900    00000022     UNINITIALIZED
                  00007900    00000022     DSP2833x_GlobalVariableDefs.obj (I2caRegsFile)

.econst    1    0000c000    00000100     
                  0000c000    00000100     DSP2833x_PieVect.obj (.econst)

.ebss      1    0000c100    000000d2     UNINITIALIZED
                  0000c100    00000058     main.obj (.ebss)
                  0000c158    00000018     DSP2833x_CpuTimers.obj (.ebss)
                  0000c170    00000004     rts2800_fpu32.lib : _lock.obj (.ebss)
                  0000c174    00000004                       : exit.obj (.ebss)
                  0000c178    00000001                       : errno.obj (.ebss)
                  0000c179    00000001     ysADC.obj (.ebss)
                  0000c17a    00000001     ysPWM.obj (.ebss)
                  0000c17b    00000005     --HOLE--
                  0000c180    00000052     imcontrol.obj (.ebss)

CsmPwlFile 
*          1    0033fff8    00000008     UNINITIALIZED
                  0033fff8    00000008     DSP2833x_GlobalVariableDefs.obj (CsmPwlFile)


GLOBAL DATA SYMBOLS: SORTED BY DATA PAGE

address     data page           name
--------    ----------------    ----
00000400      10 (00000400)     __stack

00000880      22 (00000880)     _DevEmuRegs

00000a80      2a (00000a80)     _FlashRegs

00000ae0      2b (00000ac0)     _CsmRegs

00000b00      2c (00000b00)     _AdcMirror
00000b20      2c (00000b00)     _XintfRegs

00000c00      30 (00000c00)     _CpuTimer0Regs
00000c08      30 (00000c00)     _CpuTimer1Regs
00000c10      30 (00000c00)     _CpuTimer2Regs

00000ce0      33 (00000cc0)     _PieCtrlRegs

00000d00      34 (00000d00)     _PieVectTable

00001000      40 (00001000)     _DmaRegs

00005000     140 (00005000)     _McbspaRegs

00005040     141 (00005040)     _McbspbRegs

00006000     180 (00006000)     _ECanaRegs

00006040     181 (00006040)     _ECanaLAMRegs

00006080     182 (00006080)     _ECanaMOTSRegs

000060c0     183 (000060c0)     _ECanaMOTORegs

00006100     184 (00006100)     _ECanaMboxes

00006200     188 (00006200)     _ECanbRegs

00006240     189 (00006240)     _ECanbLAMRegs

00006280     18a (00006280)     _ECanbMOTSRegs

000062c0     18b (000062c0)     _ECanbMOTORegs

00006300     18c (00006300)     _ECanbMboxes

00006800     1a0 (00006800)     _EPwm1Regs

00006840     1a1 (00006840)     _EPwm2Regs

00006880     1a2 (00006880)     _EPwm3Regs

000068c0     1a3 (000068c0)     _EPwm4Regs

00006900     1a4 (00006900)     _EPwm5Regs

00006940     1a5 (00006940)     _EPwm6Regs

00006a00     1a8 (00006a00)     _ECap1Regs
00006a20     1a8 (00006a00)     _ECap2Regs

00006a40     1a9 (00006a40)     _ECap3Regs
00006a60     1a9 (00006a40)     _ECap4Regs

00006a80     1aa (00006a80)     _ECap5Regs
00006aa0     1aa (00006a80)     _ECap6Regs

00006b00     1ac (00006b00)     _EQep1Regs

00006b40     1ad (00006b40)     _EQep2Regs

00006f80     1be (00006f80)     _GpioCtrlRegs

00006fc0     1bf (00006fc0)     _GpioDataRegs
00006fe0     1bf (00006fc0)     _GpioIntRegs

00007010     1c0 (00007000)     _SysCtrlRegs

00007040     1c1 (00007040)     _SpiaRegs
00007050     1c1 (00007040)     _SciaRegs
00007070     1c1 (00007040)     _XIntruptRegs

00007100     1c4 (00007100)     _AdcRegs

00007750     1dd (00007740)     _ScibRegs
00007770     1dd (00007740)     _ScicRegs

00007900     1e4 (00007900)     _I2caRegs

0000c000     300 (0000c000)     _PieVectTableInit

0000c100     304 (0000c100)     _index_Te
0000c101     304 (0000c100)     _index_row
0000c102     304 (0000c100)     _index_column
0000c103     304 (0000c100)     _vector
0000c104     304 (0000c100)     _indexDA
0000c105     304 (0000c100)     _code_start
0000c106     304 (0000c100)     _index_lambdas
0000c108     304 (0000c100)     _spd_reg
0000c10a     304 (0000c100)     _lambdastemp1
0000c10e     304 (0000c100)     _lambdastemp2
0000c112     304 (0000c100)     _mSample
0000c11c     304 (0000c100)     _SwitchTable

0000c140     305 (0000c140)     _switchstate
0000c158     305 (0000c140)     _CpuTimer1
0000c160     305 (0000c140)     _CpuTimer2
0000c168     305 (0000c140)     _CpuTimer0
0000c170     305 (0000c140)     __unlock
0000c172     305 (0000c140)     __lock
0000c174     305 (0000c140)     ___TI_cleanup_ptr
0000c176     305 (0000c140)     ___TI_dtors_ptr
0000c178     305 (0000c140)     _errno
0000c179     305 (0000c140)     _conv_flg
0000c17a     305 (0000c140)     _PhaSft

0000c180     306 (0000c180)     _sector
0000c181     306 (0000c180)     _period_count
0000c182     306 (0000c180)     _spd_req
0000c184     306 (0000c180)     _Kp_Tecmd
0000c186     306 (0000c180)     _Te_cmd
0000c188     306 (0000c180)     _intgrt_Tecmd
0000c18a     306 (0000c180)     _Udc_IN
0000c18c     306 (0000c180)     _spd_cmd
0000c18e     306 (0000c180)     _Ki_Tecmd
0000c190     306 (0000c180)     _Te
0000c192     306 (0000c180)     _theta
0000c194     306 (0000c180)     _u_cmd
0000c196     306 (0000c180)     _lambdas
0000c198     306 (0000c180)     _lambdar
0000c19a     306 (0000c180)     _speed
0000c19c     306 (0000c180)     _lambdas_cmd
0000c19e     306 (0000c180)     _angle
0000c1a0     306 (0000c180)     _udq_cmd
0000c1a4     306 (0000c180)     _udq
0000c1a8     306 (0000c180)     _ualbe
0000c1ac     306 (0000c180)     _ialbe
0000c1b0     306 (0000c180)     _idq
0000c1b4     306 (0000c180)     _ualbe_cmd
0000c1b8     306 (0000c180)     _idq_cmd
0000c1bc     306 (0000c180)     _lambdasalbe

0000c1c0     307 (0000c1c0)     _uabc
0000c1c6     307 (0000c1c0)     _Dabc
0000c1cc     307 (0000c1c0)     _iabc

0033fff8    cfff (0033ffc0)     _CsmPwl


GLOBAL SYMBOLS: SORTED ALPHABETICALLY BY Name 

address    name
--------   ----
00008000   .text
000097f4   C$$EXIT
000093fa   FS$$DIV
00008d10   _ADCINT_ISR
00380080   _ADC_cal
00000b00   _AdcMirror
00007100   _AdcRegs
000094c3   _ConfigCpuTimer
0000c168   _CpuTimer0
00000c00   _CpuTimer0Regs
0000c158   _CpuTimer1
00000c08   _CpuTimer1Regs
0000c160   _CpuTimer2
00000c10   _CpuTimer2Regs
0033fff8   _CsmPwl
00000ae0   _CsmRegs
000092da   _CsmUnlock
0000956d   _DACout
00008c3e   _DATALOG_ISR
00008e32   _DINTCH1_ISR
00008e3c   _DINTCH2_ISR
00008e46   _DINTCH3_ISR
00008e50   _DINTCH4_ISR
00008e5a   _DINTCH5_ISR
00008e64   _DINTCH6_ISR
0000994b   _DSP28x_usDelay
0000c1c6   _Dabc
00000880   _DevEmuRegs
00009227   _DisableDog
00001000   _DmaRegs
00008ebe   _ECAN0INTA_ISR
00008ed2   _ECAN0INTB_ISR
00008ec8   _ECAN1INTA_ISR
00008edc   _ECAN1INTB_ISR
00008da6   _ECAP1_INT_ISR
00008db0   _ECAP2_INT_ISR
00008dba   _ECAP3_INT_ISR
00008dc4   _ECAP4_INT_ISR
00008dce   _ECAP5_INT_ISR
00008dd8   _ECAP6_INT_ISR
00006040   _ECanaLAMRegs
000060c0   _ECanaMOTORegs
00006080   _ECanaMOTSRegs
00006100   _ECanaMboxes
00006000   _ECanaRegs
00006240   _ECanbLAMRegs
000062c0   _ECanbMOTORegs
00006280   _ECanbMOTSRegs
00006300   _ECanbMboxes
00006200   _ECanbRegs
00006a00   _ECap1Regs
00006a20   _ECap2Regs
00006a40   _ECap3Regs
00006a60   _ECap4Regs
00006a80   _ECap5Regs
00006aa0   _ECap6Regs
00008f2c   _EMPTY_ISR
00008c52   _EMUINT_ISR
00008d6a   _EPWM1_INT_ISR
00008d2e   _EPWM1_TZINT_ISR
00008d74   _EPWM2_INT_ISR
00008d38   _EPWM2_TZINT_ISR
00008d7e   _EPWM3_INT_ISR
00008d42   _EPWM3_TZINT_ISR
00008d88   _EPWM4_INT_ISR
00008d4c   _EPWM4_TZINT_ISR
00008d92   _EPWM5_INT_ISR
00008d56   _EPWM5_TZINT_ISR
00008d9c   _EPWM6_INT_ISR
00008d60   _EPWM6_TZINT_ISR
00006800   _EPwm1Regs
00006840   _EPwm2Regs
00006880   _EPwm3Regs
000068c0   _EPwm4Regs
00006900   _EPwm5Regs
00006940   _EPwm6Regs
00008de2   _EQEP1_INT_ISR
00008dec   _EQEP2_INT_ISR
00006b00   _EQep1Regs
00006b40   _EQep2Regs
00009774   _EnableInterrupts
00000a80   _FlashRegs
00006f80   _GpioCtrlRegs
00006fc0   _GpioDataRegs
00006fe0   _GpioIntRegs
00008e6e   _I2CINT1A_ISR
00008e78   _I2CINT2A_ISR
00007900   _I2caRegs
00008c66   _ILLEGAL_ISR
00008c2a   _INT13_ISR
00008c34   _INT14_ISR
00008b57   _ISRTimer0
0000930b   _InitADC
00009482   _InitCpuTimers
000094fe   _InitECAP
00009102   _InitPORT
00008f4d   _InitPWM
0000927f   _InitPeripheralClocks
00009755   _InitPieCtrl
000097a1   _InitPieVectTable
0000922f   _InitPll
00009722   _InitQEP1
00009214   _InitSysCtrl
0000831f   _Integrator
0000c18e   _Ki_Tecmd
0000c184   _Kp_Tecmd
00008330   _LPfilter1
00008351   _LPfilter2
00008f22   _LUF_ISR
00008f18   _LVF_ISR
00008e1e   _MRINTA_ISR
00008e0a   _MRINTB_ISR
00008e28   _MXINTA_ISR
00008e14   _MXINTB_ISR
00005000   _McbspaRegs
00005040   _McbspbRegs
00008c5c   _NMI_ISR
00008f39   _PIE_RESERVED
000082b9   _PImodule
0000937f   _ParallelRD
0000c17a   _PhaSft
00000ce0   _PieCtrlRegs
00000d00   _PieVectTable
0000c000   _PieVectTableInit
0000817c   _R2toS2
000080c6   _R2toS3
000087a3   _RAMP
00008c48   _RTOSINT_ISR
0000836a   _Relay_2Level
00008387   _Relay_3Level
00008099   _S2toR2
00008140   _S2toS3
00008013   _S3toR2
00008069   _S3toS2
00008e96   _SCIRXINTA_ISR
00008eaa   _SCIRXINTB_ISR
00008e82   _SCIRXINTC_ISR
00008ea0   _SCITXINTA_ISR
00008eb4   _SCITXINTB_ISR
00008e8c   _SCITXINTC_ISR
00008ce8   _SEQ1INT_ISR
00008cf2   _SEQ2INT_ISR
00008df6   _SPIRXINTA_ISR
00008e00   _SPITXINTA_ISR
00007050   _SciaRegs
00007750   _ScibRegs
00007770   _ScicRegs
0000931e   _SerialRD
0000921d   _ServiceDog
00007040   _SpiaRegs
0000c11c   _SwitchTable
00007010   _SysCtrlRegs
00008d1a   _TINT0_ISR
0000c190   _Te
0000c186   _Te_cmd
00008cca   _USER10_ISR
00008cd4   _USER11_ISR
00008cde   _USER12_ISR
00008c70   _USER1_ISR
00008c7a   _USER2_ISR
00008c84   _USER3_ISR
00008c8e   _USER4_ISR
00008c98   _USER5_ISR
00008ca2   _USER6_ISR
00008cac   _USER7_ISR
00008cb6   _USER8_ISR
00008cc0   _USER9_ISR
0000c18a   _Udc_IN
00008d24   _WAKEINT_ISR
00008cfc   _XINT1_ISR
00008d06   _XINT2_ISR
00008ee6   _XINT3_ISR
00008ef0   _XINT4_ISR
00008efa   _XINT5_ISR
00008f04   _XINT6_ISR
00008f0e   _XINT7_ISR
00007070   _XIntruptRegs
00000b20   _XintfRegs
00000700   __STACK_END
00000300   __STACK_SIZE
00000001   __TI_args_main
0000c174   ___TI_cleanup_ptr
0000c176   ___TI_dtors_ptr
ffffffff   ___binit__
ffffffff   ___c_args__
0000981e   ___cinit__
0000981e   ___etext__
ffffffff   ___pinit__
00008000   ___text__
000097db   __args_main
0000c172   __lock
00009815   __nop
00009811   __register_lock
0000980d   __register_unlock
00000400   __stack
0000c170   __unlock
000097f4   _abort
0000c19e   _angle
000096dc   _c_int00
0000c105   _code_start
0000c179   _conv_flg
000095d6   _cos
000087e1   _epwm1_timer_isr
0000c178   _errno
000097f6   _exit
0000c1cc   _iabc
0000c1ac   _ialbe
0000c1b0   _idq
0000c1b8   _idq_cmd
0000c104   _indexDA
0000c100   _index_Te
0000c102   _index_column
0000c106   _index_lambdas
0000c101   _index_row
0000c188   _intgrt_Tecmd
0000c198   _lambdar
000081a9   _lambdarCal
000081c1   _lambdaralbeCal
0000c196   _lambdas
0000c19c   _lambdas_cmd
0000c1bc   _lambdasalbe
0000824d   _lambdasalbeCal
0000c10a   _lambdastemp1
0000c10e   _lambdastemp2
0000c112   _mSample
0000968f   _main
000097c1   _modf
0000c181   _period_count
00008288   _positonCal
000087c9   _roundn
00008f43   _rsvd_ISR
0000c180   _sector
000083b4   _sector1
0000844e   _sector2
00009637   _sin
0000c18c   _spd_cmd
0000c108   _spd_reg
0000c182   _spd_req
0000c19a   _speed
0000977e   _sqrt
0000c140   _switchstate
0000c192   _theta
0000c194   _u_cmd
0000c1c0   _uabc
0000c1a8   _ualbe
000084e4   _ualbeSVM
0000c1b4   _ualbe_cmd
0000c1a4   _udq
0000c1a0   _udq_cmd
0000c103   _vector
00008287   _wrCal_M
ffffffff   binit
0000981e   cinit
00000000   code_start
0000981e   etext
ffffffff   pinit


GLOBAL SYMBOLS: SORTED BY Symbol Address 

address    name
--------   ----
00000000   code_start
00000001   __TI_args_main
00000300   __STACK_SIZE
00000400   __stack
00000700   __STACK_END
00000880   _DevEmuRegs
00000a80   _FlashRegs
00000ae0   _CsmRegs
00000b00   _AdcMirror
00000b20   _XintfRegs
00000c00   _CpuTimer0Regs
00000c08   _CpuTimer1Regs
00000c10   _CpuTimer2Regs
00000ce0   _PieCtrlRegs
00000d00   _PieVectTable
00001000   _DmaRegs
00005000   _McbspaRegs
00005040   _McbspbRegs
00006000   _ECanaRegs
00006040   _ECanaLAMRegs
00006080   _ECanaMOTSRegs
000060c0   _ECanaMOTORegs
00006100   _ECanaMboxes
00006200   _ECanbRegs
00006240   _ECanbLAMRegs
00006280   _ECanbMOTSRegs
000062c0   _ECanbMOTORegs
00006300   _ECanbMboxes
00006800   _EPwm1Regs
00006840   _EPwm2Regs
00006880   _EPwm3Regs
000068c0   _EPwm4Regs
00006900   _EPwm5Regs
00006940   _EPwm6Regs
00006a00   _ECap1Regs
00006a20   _ECap2Regs
00006a40   _ECap3Regs
00006a60   _ECap4Regs
00006a80   _ECap5Regs
00006aa0   _ECap6Regs
00006b00   _EQep1Regs
00006b40   _EQep2Regs
00006f80   _GpioCtrlRegs
00006fc0   _GpioDataRegs
00006fe0   _GpioIntRegs
00007010   _SysCtrlRegs
00007040   _SpiaRegs
00007050   _SciaRegs
00007070   _XIntruptRegs
00007100   _AdcRegs
00007750   _ScibRegs
00007770   _ScicRegs
00007900   _I2caRegs
00008000   .text
00008000   ___text__
00008013   _S3toR2
00008069   _S3toS2
00008099   _S2toR2
000080c6   _R2toS3
00008140   _S2toS3
0000817c   _R2toS2
000081a9   _lambdarCal
000081c1   _lambdaralbeCal
0000824d   _lambdasalbeCal
00008287   _wrCal_M
00008288   _positonCal
000082b9   _PImodule
0000831f   _Integrator
00008330   _LPfilter1
00008351   _LPfilter2
0000836a   _Relay_2Level
00008387   _Relay_3Level
000083b4   _sector1
0000844e   _sector2
000084e4   _ualbeSVM
000087a3   _RAMP
000087c9   _roundn
000087e1   _epwm1_timer_isr
00008b57   _ISRTimer0
00008c2a   _INT13_ISR
00008c34   _INT14_ISR
00008c3e   _DATALOG_ISR
00008c48   _RTOSINT_ISR
00008c52   _EMUINT_ISR
00008c5c   _NMI_ISR
00008c66   _ILLEGAL_ISR
00008c70   _USER1_ISR
00008c7a   _USER2_ISR
00008c84   _USER3_ISR
00008c8e   _USER4_ISR
00008c98   _USER5_ISR
00008ca2   _USER6_ISR
00008cac   _USER7_ISR
00008cb6   _USER8_ISR
00008cc0   _USER9_ISR
00008cca   _USER10_ISR
00008cd4   _USER11_ISR
00008cde   _USER12_ISR
00008ce8   _SEQ1INT_ISR
00008cf2   _SEQ2INT_ISR
00008cfc   _XINT1_ISR
00008d06   _XINT2_ISR
00008d10   _ADCINT_ISR
00008d1a   _TINT0_ISR
00008d24   _WAKEINT_ISR
00008d2e   _EPWM1_TZINT_ISR
00008d38   _EPWM2_TZINT_ISR
00008d42   _EPWM3_TZINT_ISR
00008d4c   _EPWM4_TZINT_ISR
00008d56   _EPWM5_TZINT_ISR
00008d60   _EPWM6_TZINT_ISR
00008d6a   _EPWM1_INT_ISR
00008d74   _EPWM2_INT_ISR
00008d7e   _EPWM3_INT_ISR
00008d88   _EPWM4_INT_ISR
00008d92   _EPWM5_INT_ISR
00008d9c   _EPWM6_INT_ISR
00008da6   _ECAP1_INT_ISR
00008db0   _ECAP2_INT_ISR
00008dba   _ECAP3_INT_ISR
00008dc4   _ECAP4_INT_ISR
00008dce   _ECAP5_INT_ISR
00008dd8   _ECAP6_INT_ISR
00008de2   _EQEP1_INT_ISR
00008dec   _EQEP2_INT_ISR
00008df6   _SPIRXINTA_ISR
00008e00   _SPITXINTA_ISR
00008e0a   _MRINTB_ISR
00008e14   _MXINTB_ISR
00008e1e   _MRINTA_ISR
00008e28   _MXINTA_ISR
00008e32   _DINTCH1_ISR
00008e3c   _DINTCH2_ISR
00008e46   _DINTCH3_ISR
00008e50   _DINTCH4_ISR
00008e5a   _DINTCH5_ISR
00008e64   _DINTCH6_ISR
00008e6e   _I2CINT1A_ISR
00008e78   _I2CINT2A_ISR
00008e82   _SCIRXINTC_ISR
00008e8c   _SCITXINTC_ISR
00008e96   _SCIRXINTA_ISR
00008ea0   _SCITXINTA_ISR
00008eaa   _SCIRXINTB_ISR
00008eb4   _SCITXINTB_ISR
00008ebe   _ECAN0INTA_ISR
00008ec8   _ECAN1INTA_ISR
00008ed2   _ECAN0INTB_ISR
00008edc   _ECAN1INTB_ISR
00008ee6   _XINT3_ISR
00008ef0   _XINT4_ISR
00008efa   _XINT5_ISR
00008f04   _XINT6_ISR
00008f0e   _XINT7_ISR
00008f18   _LVF_ISR
00008f22   _LUF_ISR
00008f2c   _EMPTY_ISR
00008f39   _PIE_RESERVED
00008f43   _rsvd_ISR
00008f4d   _InitPWM
00009102   _InitPORT
00009214   _InitSysCtrl
0000921d   _ServiceDog
00009227   _DisableDog
0000922f   _InitPll
0000927f   _InitPeripheralClocks
000092da   _CsmUnlock
0000930b   _InitADC
0000931e   _SerialRD
0000937f   _ParallelRD
000093fa   FS$$DIV
00009482   _InitCpuTimers
000094c3   _ConfigCpuTimer
000094fe   _InitECAP
0000956d   _DACout
000095d6   _cos
00009637   _sin
0000968f   _main
000096dc   _c_int00
00009722   _InitQEP1
00009755   _InitPieCtrl
00009774   _EnableInterrupts
0000977e   _sqrt
000097a1   _InitPieVectTable
000097c1   _modf
000097db   __args_main
000097f4   C$$EXIT
000097f4   _abort
000097f6   _exit
0000980d   __register_unlock
00009811   __register_lock
00009815   __nop
0000981e   ___cinit__
0000981e   ___etext__
0000981e   cinit
0000981e   etext
0000994b   _DSP28x_usDelay
0000c000   _PieVectTableInit
0000c100   _index_Te
0000c101   _index_row
0000c102   _index_column
0000c103   _vector
0000c104   _indexDA
0000c105   _code_start
0000c106   _index_lambdas
0000c108   _spd_reg
0000c10a   _lambdastemp1
0000c10e   _lambdastemp2
0000c112   _mSample
0000c11c   _SwitchTable
0000c140   _switchstate
0000c158   _CpuTimer1
0000c160   _CpuTimer2
0000c168   _CpuTimer0
0000c170   __unlock
0000c172   __lock
0000c174   ___TI_cleanup_ptr
0000c176   ___TI_dtors_ptr
0000c178   _errno
0000c179   _conv_flg
0000c17a   _PhaSft
0000c180   _sector
0000c181   _period_count
0000c182   _spd_req
0000c184   _Kp_Tecmd
0000c186   _Te_cmd
0000c188   _intgrt_Tecmd
0000c18a   _Udc_IN
0000c18c   _spd_cmd
0000c18e   _Ki_Tecmd
0000c190   _Te
0000c192   _theta
0000c194   _u_cmd
0000c196   _lambdas
0000c198   _lambdar
0000c19a   _speed
0000c19c   _lambdas_cmd
0000c19e   _angle
0000c1a0   _udq_cmd
0000c1a4   _udq
0000c1a8   _ualbe
0000c1ac   _ialbe
0000c1b0   _idq
0000c1b4   _ualbe_cmd
0000c1b8   _idq_cmd
0000c1bc   _lambdasalbe
0000c1c0   _uabc
0000c1c6   _Dabc
0000c1cc   _iabc
0033fff8   _CsmPwl
00380080   _ADC_cal
ffffffff   ___binit__
ffffffff   ___c_args__
ffffffff   ___pinit__
ffffffff   binit
ffffffff   pinit

[256 symbols]
