******************************************************************************
             TMS320C2000 Linker PC v6.2.5                      
******************************************************************************
>> Linked Thu Aug 31 11:16:29 2017

OUTPUT FILE NAME:   <PSFB_IMDTC.out>
ENTRY POINT SYMBOL: "_c_int00"  address: 0000967e


MEMORY CONFIGURATION

         name            origin    length      used     unused   attr    fill
----------------------  --------  ---------  --------  --------  ----  --------
PAGE 0:
  BEGIN                 00000000   00000002  00000002  00000000  RWIX
  BOOT_RSVD             00000002   0000004e  00000000  0000004e  RWIX
  RAMM0                 00000050   000003b0  00000000  000003b0  RWIX
  RAML                  00008000   00004000  00001924  000026dc  RWIX
  ZONE7A                00200000   0000fc00  00000000  0000fc00  RWIX
  CSM_RSVD              0033ff80   00000076  00000000  00000076  RWIX
  CSM_PWL               0033fff8   00000008  00000000  00000008  RWIX
  ADC_CAL               00380080   00000009  00000007  00000002  RWIX
  IQTABLES              003fe000   00000b50  00000000  00000b50  RWIX
  IQTABLES2             003feb50   0000008c  00000000  0000008c  RWIX
  FPUTABLES             003febdc   000006a0  00000000  000006a0  RWIX
  BOOTROM               003ff27c   00000d44  00000000  00000d44  RWIX
  RESET                 003fffc0   00000002  00000000  00000002  RWIX

PAGE 1:
  RAMM                  00000400   00000400  00000300  00000100  RWIX
  DEV_EMU               00000880   00000180  000000d0  000000b0  RWIX
  FLASH_REGS            00000a80   00000060  00000008  00000058  RWIX
  CSM                   00000ae0   00000010  00000010  00000000  RWIX
  ADC_MIRROR            00000b00   00000010  00000010  00000000  RWIX
  XINTF                 00000b20   00000020  0000001e  00000002  RWIX
  CPU_TIMER0            00000c00   00000008  00000008  00000000  RWIX
  CPU_TIMER1            00000c08   00000008  00000008  00000000  RWIX
  CPU_TIMER2            00000c10   00000008  00000008  00000000  RWIX
  PIE_CTRL              00000ce0   00000020  0000001a  00000006  RWIX
  PIE_VECT              00000d00   00000100  00000100  00000000  RWIX
  DMA                   00001000   00000200  000000e0  00000120  RWIX
  MCBSPA                00005000   00000040  00000025  0000001b  RWIX
  MCBSPB                00005040   00000040  00000025  0000001b  RWIX
  ECANA                 00006000   00000040  00000034  0000000c  RWIX
  ECANA_LAM             00006040   00000040  00000040  00000000  RWIX
  ECANA_MOTS            00006080   00000040  00000040  00000000  RWIX
  ECANA_MOTO            000060c0   00000040  00000040  00000000  RWIX
  ECANA_MBOX            00006100   00000100  00000100  00000000  RWIX
  ECANB                 00006200   00000040  00000034  0000000c  RWIX
  ECANB_LAM             00006240   00000040  00000040  00000000  RWIX
  ECANB_MOTS            00006280   00000040  00000040  00000000  RWIX
  ECANB_MOTO            000062c0   00000040  00000040  00000000  RWIX
  ECANB_MBOX            00006300   00000100  00000100  00000000  RWIX
  EPWM1                 00006800   00000022  00000022  00000000  RWIX
  EPWM2                 00006840   00000022  00000022  00000000  RWIX
  EPWM3                 00006880   00000022  00000022  00000000  RWIX
  EPWM4                 000068c0   00000022  00000022  00000000  RWIX
  EPWM5                 00006900   00000022  00000022  00000000  RWIX
  EPWM6                 00006940   00000022  00000022  00000000  RWIX
  ECAP1                 00006a00   00000020  00000020  00000000  RWIX
  ECAP2                 00006a20   00000020  00000020  00000000  RWIX
  ECAP3                 00006a40   00000020  00000020  00000000  RWIX
  ECAP4                 00006a60   00000020  00000020  00000000  RWIX
  ECAP5                 00006a80   00000020  00000020  00000000  RWIX
  ECAP6                 00006aa0   00000020  00000020  00000000  RWIX
  EQEP1                 00006b00   00000040  00000040  00000000  RWIX
  EQEP2                 00006b40   00000040  00000040  00000000  RWIX
  GPIOCTRL              00006f80   00000040  0000002e  00000012  RWIX
  GPIODAT               00006fc0   00000020  00000020  00000000  RWIX
  GPIOINT               00006fe0   00000020  0000000a  00000016  RWIX
  SYSTEM                00007010   00000020  00000020  00000000  RWIX
  SPIA                  00007040   00000010  00000010  00000000  RWIX
  SCIA                  00007050   00000010  00000010  00000000  RWIX
  XINTRUPT              00007070   00000010  00000010  00000000  RWIX
  ADC                   00007100   00000020  0000001e  00000002  RWIX
  SCIB                  00007750   00000010  00000010  00000000  RWIX
  SCIC                  00007770   00000010  00000010  00000000  RWIX
  I2CA                  00007900   00000040  00000022  0000001e  RWIX
  RAMH                  0000c000   00004000  000001d8  00003e28  RWIX
  ZONE7B                0020fc00   00000400  00000000  00000400  RWIX
  CSM_PWL               0033fff8   00000008  00000008  00000000  RWIX


SECTION ALLOCATION MAP

 output                                  attributes/
section   page    origin      length       input sections
--------  ----  ----------  ----------   ----------------
codestart 
*          0    00000000    00000002     
                  00000000    00000002     DSP2833x_CodeStartBranch.obj (codestart)

.pinit     0    00008000    00000000     UNINITIALIZED

.text      0    00008000    000017dc     
                  00008000    000007bf     imcontrol.obj (.text)
                  000087bf    000003b4     PSFB_IMDTC.obj (.text:retain)
                  00008b73    00000323     DSP2833x_DefaultIsr.obj (.text:retain)
                  00008e96    000001bd     ysPWM.obj (.text)
                  00009053    00000112     ysPORT.obj (.text)
                  00009165    000000f7     DSP2833x_SysCtrl.obj (.text)
                  0000925c    000000ef     ysADC.obj (.text)
                  0000934b    00000096     ysSCI.obj (.text)
                  000093e1    00000088     rts2800_fpu32.lib : fs_div.obj (.text)
                  00009469    0000007c     DSP2833x_CpuTimers.obj (.text)
                  000094e5    00000077     ysECAP.obj (.text)
                  0000955c    00000069     ysDAC.obj (.text)
                  000095c5    00000061     rts2800_fpu32.lib : cos.obj (.text)
                  00009626    00000058                       : sin.obj (.text)
                  0000967e    00000046                       : boot.obj (.text)
                  000096c4    00000040     PSFB_IMDTC.obj (.text)
                  00009704    00000033     ysQEP.obj (.text)
                  00009737    00000028     DSP2833x_PieCtrl.obj (.text)
                  0000975f    00000020     DSP2833x_PieVect.obj (.text)
                  0000977f    0000001a     rts2800_fpu32.lib : modf.obj (.text)
                  00009799    00000019                       : args_main.obj (.text)
                  000097b2    00000019                       : exit.obj (.text)
                  000097cb    00000009                       : _lock.obj (.text)
                  000097d4    00000008     DSP2833x_CodeStartBranch.obj (.text)

.cinit     0    000097dc    00000144     
                  000097dc    000000b2     imcontrol.obj (.cinit)
                  0000988e    00000074     PSFB_IMDTC.obj (.cinit)
                  00009902    0000000a     rts2800_fpu32.lib : _lock.obj (.cinit)
                  0000990c    0000000a                       : exit.obj (.cinit)
                  00009916    00000004     ysADC.obj (.cinit)
                  0000991a    00000004     ysPWM.obj (.cinit)
                  0000991e    00000002     --HOLE-- [fill = 0]

ramfuncs   0    00009920    00000004     
                  00009920    00000004     DSP2833x_usDelay.obj (ramfuncs)

csm_rsvd   0    0033ff80    00000000     DSECT

csmpasswds 
*          0    0033fff8    00000000     DSECT

.adc_cal   0    00380080    00000007     NOLOAD SECTION
                  00380080    00000007     DSP2833x_ADC_cal.obj (.adc_cal)

.reset     0    003fffc0    00000002     DSECT
                  003fffc0    00000002     rts2800_fpu32.lib : boot.obj (.reset)

.stack     1    00000400    00000300     UNINITIALIZED
                  00000400    00000300     --HOLE--

DevEmuRegsFile 
*          1    00000880    000000d0     UNINITIALIZED
                  00000880    000000d0     DSP2833x_GlobalVariableDefs.obj (DevEmuRegsFile)

FlashRegsFile 
*          1    00000a80    00000008     UNINITIALIZED
                  00000a80    00000008     DSP2833x_GlobalVariableDefs.obj (FlashRegsFile)

CsmRegsFile 
*          1    00000ae0    00000010     UNINITIALIZED
                  00000ae0    00000010     DSP2833x_GlobalVariableDefs.obj (CsmRegsFile)

AdcMirrorFile 
*          1    00000b00    00000010     UNINITIALIZED
                  00000b00    00000010     DSP2833x_GlobalVariableDefs.obj (AdcMirrorFile)

XintfRegsFile 
*          1    00000b20    0000001e     UNINITIALIZED
                  00000b20    0000001e     DSP2833x_GlobalVariableDefs.obj (XintfRegsFile)

CpuTimer0RegsFile 
*          1    00000c00    00000008     UNINITIALIZED
                  00000c00    00000008     DSP2833x_GlobalVariableDefs.obj (CpuTimer0RegsFile)

CpuTimer1RegsFile 
*          1    00000c08    00000008     UNINITIALIZED
                  00000c08    00000008     DSP2833x_GlobalVariableDefs.obj (CpuTimer1RegsFile)

CpuTimer2RegsFile 
*          1    00000c10    00000008     UNINITIALIZED
                  00000c10    00000008     DSP2833x_GlobalVariableDefs.obj (CpuTimer2RegsFile)

PieCtrlRegsFile 
*          1    00000ce0    0000001a     UNINITIALIZED
                  00000ce0    0000001a     DSP2833x_GlobalVariableDefs.obj (PieCtrlRegsFile)

PieVectTableFile 
*          1    00000d00    00000100     UNINITIALIZED
                  00000d00    00000100     DSP2833x_GlobalVariableDefs.obj (PieVectTableFile)

DmaRegsFile 
*          1    00001000    000000e0     UNINITIALIZED
                  00001000    000000e0     DSP2833x_GlobalVariableDefs.obj (DmaRegsFile)

McbspaRegsFile 
*          1    00005000    00000025     UNINITIALIZED
                  00005000    00000025     DSP2833x_GlobalVariableDefs.obj (McbspaRegsFile)

McbspbRegsFile 
*          1    00005040    00000025     UNINITIALIZED
                  00005040    00000025     DSP2833x_GlobalVariableDefs.obj (McbspbRegsFile)

ECanaRegsFile 
*          1    00006000    00000034     UNINITIALIZED
                  00006000    00000034     DSP2833x_GlobalVariableDefs.obj (ECanaRegsFile)

ECanaLAMRegsFile 
*          1    00006040    00000040     UNINITIALIZED
                  00006040    00000040     DSP2833x_GlobalVariableDefs.obj (ECanaLAMRegsFile)

ECanaMOTSRegsFile 
*          1    00006080    00000040     UNINITIALIZED
                  00006080    00000040     DSP2833x_GlobalVariableDefs.obj (ECanaMOTSRegsFile)

ECanaMOTORegsFile 
*          1    000060c0    00000040     UNINITIALIZED
                  000060c0    00000040     DSP2833x_GlobalVariableDefs.obj (ECanaMOTORegsFile)

ECanaMboxesFile 
*          1    00006100    00000100     UNINITIALIZED
                  00006100    00000100     DSP2833x_GlobalVariableDefs.obj (ECanaMboxesFile)

ECanbRegsFile 
*          1    00006200    00000034     UNINITIALIZED
                  00006200    00000034     DSP2833x_GlobalVariableDefs.obj (ECanbRegsFile)

ECanbLAMRegsFile 
*          1    00006240    00000040     UNINITIALIZED
                  00006240    00000040     DSP2833x_GlobalVariableDefs.obj (ECanbLAMRegsFile)

ECanbMOTSRegsFile 
*          1    00006280    00000040     UNINITIALIZED
                  00006280    00000040     DSP2833x_GlobalVariableDefs.obj (ECanbMOTSRegsFile)

ECanbMOTORegsFile 
*          1    000062c0    00000040     UNINITIALIZED
                  000062c0    00000040     DSP2833x_GlobalVariableDefs.obj (ECanbMOTORegsFile)

ECanbMboxesFile 
*          1    00006300    00000100     UNINITIALIZED
                  00006300    00000100     DSP2833x_GlobalVariableDefs.obj (ECanbMboxesFile)

EPwm1RegsFile 
*          1    00006800    00000022     UNINITIALIZED
                  00006800    00000022     DSP2833x_GlobalVariableDefs.obj (EPwm1RegsFile)

EPwm2RegsFile 
*          1    00006840    00000022     UNINITIALIZED
                  00006840    00000022     DSP2833x_GlobalVariableDefs.obj (EPwm2RegsFile)

EPwm3RegsFile 
*          1    00006880    00000022     UNINITIALIZED
                  00006880    00000022     DSP2833x_GlobalVariableDefs.obj (EPwm3RegsFile)

EPwm4RegsFile 
*          1    000068c0    00000022     UNINITIALIZED
                  000068c0    00000022     DSP2833x_GlobalVariableDefs.obj (EPwm4RegsFile)

EPwm5RegsFile 
*          1    00006900    00000022     UNINITIALIZED
                  00006900    00000022     DSP2833x_GlobalVariableDefs.obj (EPwm5RegsFile)

EPwm6RegsFile 
*          1    00006940    00000022     UNINITIALIZED
                  00006940    00000022     DSP2833x_GlobalVariableDefs.obj (EPwm6RegsFile)

ECap1RegsFile 
*          1    00006a00    00000020     UNINITIALIZED
                  00006a00    00000020     DSP2833x_GlobalVariableDefs.obj (ECap1RegsFile)

ECap2RegsFile 
*          1    00006a20    00000020     UNINITIALIZED
                  00006a20    00000020     DSP2833x_GlobalVariableDefs.obj (ECap2RegsFile)

ECap3RegsFile 
*          1    00006a40    00000020     UNINITIALIZED
                  00006a40    00000020     DSP2833x_GlobalVariableDefs.obj (ECap3RegsFile)

ECap4RegsFile 
*          1    00006a60    00000020     UNINITIALIZED
                  00006a60    00000020     DSP2833x_GlobalVariableDefs.obj (ECap4RegsFile)

ECap5RegsFile 
*          1    00006a80    00000020     UNINITIALIZED
                  00006a80    00000020     DSP2833x_GlobalVariableDefs.obj (ECap5RegsFile)

ECap6RegsFile 
*          1    00006aa0    00000020     UNINITIALIZED
                  00006aa0    00000020     DSP2833x_GlobalVariableDefs.obj (ECap6RegsFile)

EQep1RegsFile 
*          1    00006b00    00000040     UNINITIALIZED
                  00006b00    00000040     DSP2833x_GlobalVariableDefs.obj (EQep1RegsFile)

EQep2RegsFile 
*          1    00006b40    00000040     UNINITIALIZED
                  00006b40    00000040     DSP2833x_GlobalVariableDefs.obj (EQep2RegsFile)

GpioCtrlRegsFile 
*          1    00006f80    0000002e     UNINITIALIZED
                  00006f80    0000002e     DSP2833x_GlobalVariableDefs.obj (GpioCtrlRegsFile)

GpioDataRegsFile 
*          1    00006fc0    00000020     UNINITIALIZED
                  00006fc0    00000020     DSP2833x_GlobalVariableDefs.obj (GpioDataRegsFile)

GpioIntRegsFile 
*          1    00006fe0    0000000a     UNINITIALIZED
                  00006fe0    0000000a     DSP2833x_GlobalVariableDefs.obj (GpioIntRegsFile)

SysCtrlRegsFile 
*          1    00007010    00000020     UNINITIALIZED
                  00007010    00000020     DSP2833x_GlobalVariableDefs.obj (SysCtrlRegsFile)

SpiaRegsFile 
*          1    00007040    00000010     UNINITIALIZED
                  00007040    00000010     DSP2833x_GlobalVariableDefs.obj (SpiaRegsFile)

SciaRegsFile 
*          1    00007050    00000010     UNINITIALIZED
                  00007050    00000010     DSP2833x_GlobalVariableDefs.obj (SciaRegsFile)

XIntruptRegsFile 
*          1    00007070    00000010     UNINITIALIZED
                  00007070    00000010     DSP2833x_GlobalVariableDefs.obj (XIntruptRegsFile)

AdcRegsFile 
*          1    00007100    0000001e     UNINITIALIZED
                  00007100    0000001e     DSP2833x_GlobalVariableDefs.obj (AdcRegsFile)

ScibRegsFile 
*          1    00007750    00000010     UNINITIALIZED
                  00007750    00000010     DSP2833x_GlobalVariableDefs.obj (ScibRegsFile)

ScicRegsFile 
*          1    00007770    00000010     UNINITIALIZED
                  00007770    00000010     DSP2833x_GlobalVariableDefs.obj (ScicRegsFile)

I2caRegsFile 
*          1    00007900    00000022     UNINITIALIZED
                  00007900    00000022     DSP2833x_GlobalVariableDefs.obj (I2caRegsFile)

.econst    1    0000c000    00000100     
                  0000c000    00000100     DSP2833x_PieVect.obj (.econst)

.ebss      1    0000c100    000000d8     UNINITIALIZED
                  0000c100    0000005a     imcontrol.obj (.ebss)
                  0000c15a    00000018     DSP2833x_CpuTimers.obj (.ebss)
                  0000c172    00000004     rts2800_fpu32.lib : _lock.obj (.ebss)
                  0000c176    00000004                       : exit.obj (.ebss)
                  0000c17a    00000001     ysADC.obj (.ebss)
                  0000c17b    00000001     ysPWM.obj (.ebss)
                  0000c17c    00000004     --HOLE--
                  0000c180    00000058     PSFB_IMDTC.obj (.ebss)

CsmPwlFile 
*          1    0033fff8    00000008     UNINITIALIZED
                  0033fff8    00000008     DSP2833x_GlobalVariableDefs.obj (CsmPwlFile)


GLOBAL DATA SYMBOLS: SORTED BY DATA PAGE

address     data page           name
--------    ----------------    ----
00000400      10 (00000400)     __stack

00000880      22 (00000880)     _DevEmuRegs

00000a80      2a (00000a80)     _FlashRegs

00000ae0      2b (00000ac0)     _CsmRegs

00000b00      2c (00000b00)     _AdcMirror
00000b20      2c (00000b00)     _XintfRegs

00000c00      30 (00000c00)     _CpuTimer0Regs
00000c08      30 (00000c00)     _CpuTimer1Regs
00000c10      30 (00000c00)     _CpuTimer2Regs

00000ce0      33 (00000cc0)     _PieCtrlRegs

00000d00      34 (00000d00)     _PieVectTable

00001000      40 (00001000)     _DmaRegs

00005000     140 (00005000)     _McbspaRegs

00005040     141 (00005040)     _McbspbRegs

00006000     180 (00006000)     _ECanaRegs

00006040     181 (00006040)     _ECanaLAMRegs

00006080     182 (00006080)     _ECanaMOTSRegs

000060c0     183 (000060c0)     _ECanaMOTORegs

00006100     184 (00006100)     _ECanaMboxes

00006200     188 (00006200)     _ECanbRegs

00006240     189 (00006240)     _ECanbLAMRegs

00006280     18a (00006280)     _ECanbMOTSRegs

000062c0     18b (000062c0)     _ECanbMOTORegs

00006300     18c (00006300)     _ECanbMboxes

00006800     1a0 (00006800)     _EPwm1Regs

00006840     1a1 (00006840)     _EPwm2Regs

00006880     1a2 (00006880)     _EPwm3Regs

000068c0     1a3 (000068c0)     _EPwm4Regs

00006900     1a4 (00006900)     _EPwm5Regs

00006940     1a5 (00006940)     _EPwm6Regs

00006a00     1a8 (00006a00)     _ECap1Regs
00006a20     1a8 (00006a00)     _ECap2Regs

00006a40     1a9 (00006a40)     _ECap3Regs
00006a60     1a9 (00006a40)     _ECap4Regs

00006a80     1aa (00006a80)     _ECap5Regs
00006aa0     1aa (00006a80)     _ECap6Regs

00006b00     1ac (00006b00)     _EQep1Regs

00006b40     1ad (00006b40)     _EQep2Regs

00006f80     1be (00006f80)     _GpioCtrlRegs

00006fc0     1bf (00006fc0)     _GpioDataRegs
00006fe0     1bf (00006fc0)     _GpioIntRegs

00007010     1c0 (00007000)     _SysCtrlRegs

00007040     1c1 (00007040)     _SpiaRegs
00007050     1c1 (00007040)     _SciaRegs
00007070     1c1 (00007040)     _XIntruptRegs

00007100     1c4 (00007100)     _AdcRegs

00007750     1dd (00007740)     _ScibRegs
00007770     1dd (00007740)     _ScicRegs

00007900     1e4 (00007900)     _I2caRegs

0000c000     300 (0000c000)     _PieVectTableInit

0000c100     304 (0000c100)     _sector
0000c101     304 (0000c100)     _period_count
0000c102     304 (0000c100)     _speed
0000c104     304 (0000c100)     _Te
0000c106     304 (0000c100)     _u_cmd
0000c108     304 (0000c100)     _lambdas
0000c10a     304 (0000c100)     _lambdar
0000c10c     304 (0000c100)     _wr
0000c10e     304 (0000c100)     _theta
0000c110     304 (0000c100)     _Kp_Tecmd
0000c112     304 (0000c100)     _spd_req
0000c114     304 (0000c100)     _intgrt_Tecmd
0000c116     304 (0000c100)     _Te_cmd
0000c118     304 (0000c100)     _lambdas_cmd
0000c11a     304 (0000c100)     _Ki_Tecmd
0000c11c     304 (0000c100)     _spd_cmd
0000c11e     304 (0000c100)     _angle
0000c120     304 (0000c100)     _Udc_IN
0000c122     304 (0000c100)     _ialbe
0000c126     304 (0000c100)     _idq
0000c12a     304 (0000c100)     _ualbe
0000c12e     304 (0000c100)     _udq
0000c132     304 (0000c100)     _lambdaralbe
0000c136     304 (0000c100)     _ualbe_cmd
0000c13a     304 (0000c100)     _lambdasalbe

0000c140     305 (0000c140)     _udq_cmd
0000c144     305 (0000c140)     _idq_cmd
0000c148     305 (0000c140)     _Dabc
0000c14e     305 (0000c140)     _iabc
0000c154     305 (0000c140)     _uabc
0000c15a     305 (0000c140)     _CpuTimer1
0000c162     305 (0000c140)     _CpuTimer2
0000c16a     305 (0000c140)     _CpuTimer0
0000c172     305 (0000c140)     __unlock
0000c174     305 (0000c140)     __lock
0000c176     305 (0000c140)     ___TI_cleanup_ptr
0000c178     305 (0000c140)     ___TI_dtors_ptr
0000c17a     305 (0000c140)     _conv_flg
0000c17b     305 (0000c140)     _PhaSft

0000c180     306 (0000c180)     _index_lambdas
0000c181     306 (0000c180)     _indexDA
0000c182     306 (0000c180)     _code_start
0000c183     306 (0000c180)     _received_data
0000c184     306 (0000c180)     _variables_flag
0000c185     306 (0000c180)     _index_row
0000c186     306 (0000c180)     _index_column
0000c187     306 (0000c180)     _index_Te
0000c188     306 (0000c180)     _vector
0000c18a     306 (0000c180)     _spd_reg
0000c18c     306 (0000c180)     _lambdastemp1
0000c190     306 (0000c180)     _lambdastemp2
0000c194     306 (0000c180)     _lambdasalbe_c
0000c198     306 (0000c180)     _mSample
0000c1a2     306 (0000c180)     _switchstate

0000c1c0     307 (0000c1c0)     _SwitchTable

0033fff8    cfff (0033ffc0)     _CsmPwl


GLOBAL SYMBOLS: SORTED ALPHABETICALLY BY Name 

address    name
--------   ----
00008000   .text
000097b2   C$$EXIT
000093e1   FS$$DIV
00008c59   _ADCINT_ISR
00380080   _ADC_cal
00000b00   _AdcMirror
00007100   _AdcRegs
000094aa   _ConfigCpuTimer
0000c16a   _CpuTimer0
00000c00   _CpuTimer0Regs
0000c15a   _CpuTimer1
00000c08   _CpuTimer1Regs
0000c162   _CpuTimer2
00000c10   _CpuTimer2Regs
0033fff8   _CsmPwl
00000ae0   _CsmRegs
0000922b   _CsmUnlock
0000955c   _DACout
00008b87   _DATALOG_ISR
00008d7b   _DINTCH1_ISR
00008d85   _DINTCH2_ISR
00008d8f   _DINTCH3_ISR
00008d99   _DINTCH4_ISR
00008da3   _DINTCH5_ISR
00008dad   _DINTCH6_ISR
00009920   _DSP28x_usDelay
0000c148   _Dabc
00000880   _DevEmuRegs
00009178   _DisableDog
00001000   _DmaRegs
00008e07   _ECAN0INTA_ISR
00008e1b   _ECAN0INTB_ISR
00008e11   _ECAN1INTA_ISR
00008e25   _ECAN1INTB_ISR
00008cef   _ECAP1_INT_ISR
00008cf9   _ECAP2_INT_ISR
00008d03   _ECAP3_INT_ISR
00008d0d   _ECAP4_INT_ISR
00008d17   _ECAP5_INT_ISR
00008d21   _ECAP6_INT_ISR
00006040   _ECanaLAMRegs
000060c0   _ECanaMOTORegs
00006080   _ECanaMOTSRegs
00006100   _ECanaMboxes
00006000   _ECanaRegs
00006240   _ECanbLAMRegs
000062c0   _ECanbMOTORegs
00006280   _ECanbMOTSRegs
00006300   _ECanbMboxes
00006200   _ECanbRegs
00006a00   _ECap1Regs
00006a20   _ECap2Regs
00006a40   _ECap3Regs
00006a60   _ECap4Regs
00006a80   _ECap5Regs
00006aa0   _ECap6Regs
00008e75   _EMPTY_ISR
00008b9b   _EMUINT_ISR
00008cb3   _EPWM1_INT_ISR
00008c77   _EPWM1_TZINT_ISR
00008cbd   _EPWM2_INT_ISR
00008c81   _EPWM2_TZINT_ISR
00008cc7   _EPWM3_INT_ISR
00008c8b   _EPWM3_TZINT_ISR
00008cd1   _EPWM4_INT_ISR
00008c95   _EPWM4_TZINT_ISR
00008cdb   _EPWM5_INT_ISR
00008c9f   _EPWM5_TZINT_ISR
00008ce5   _EPWM6_INT_ISR
00008ca9   _EPWM6_TZINT_ISR
00006800   _EPwm1Regs
00006840   _EPwm2Regs
00006880   _EPwm3Regs
000068c0   _EPwm4Regs
00006900   _EPwm5Regs
00006940   _EPwm6Regs
00008d2b   _EQEP1_INT_ISR
00008d35   _EQEP2_INT_ISR
00006b00   _EQep1Regs
00006b40   _EQep2Regs
00009756   _EnableInterrupts
00000a80   _FlashRegs
00006f80   _GpioCtrlRegs
00006fc0   _GpioDataRegs
00006fe0   _GpioIntRegs
00008db7   _I2CINT1A_ISR
00008dc1   _I2CINT2A_ISR
00007900   _I2caRegs
00008baf   _ILLEGAL_ISR
00008b73   _INT13_ISR
00008b7d   _INT14_ISR
00008a2d   _ISRTimer0
0000925c   _InitADC
00009469   _InitCpuTimers
000094e5   _InitECAP
00009053   _InitPORT
00008e96   _InitPWM
000091d0   _InitPeripheralClocks
00009737   _InitPieCtrl
0000975f   _InitPieVectTable
00009180   _InitPll
00009704   _InitQEP1
0000934b   _InitSCIB
00009165   _InitSysCtrl
000082fd   _Integrator
0000c11a   _Ki_Tecmd
0000c110   _Kp_Tecmd
0000830e   _LPfilter1
0000832f   _LPfilter2
00008e6b   _LUF_ISR
00008e61   _LVF_ISR
00008d67   _MRINTA_ISR
00008d53   _MRINTB_ISR
00008d71   _MXINTA_ISR
00008d5d   _MXINTB_ISR
00005000   _McbspaRegs
00005040   _McbspbRegs
00008ba5   _NMI_ISR
00008e82   _PIE_RESERVED
00008297   _PImodule
000092d0   _ParallelRD
0000c17b   _PhaSft
00000ce0   _PieCtrlRegs
00000d00   _PieVectTable
0000c000   _PieVectTableInit
0000817c   _R2toS2
000080c6   _R2toS3
00008781   _RAMP
00008b91   _RTOSINT_ISR
00008348   _Relay_2Level
00008365   _Relay_3Level
00008099   _S2toR2
00008140   _S2toS3
00008013   _S3toR2
00008069   _S3toS2
00008ddf   _SCIRXINTA_ISR
00008df3   _SCIRXINTB_ISR
00008dcb   _SCIRXINTC_ISR
00008de9   _SCITXINTA_ISR
00008dfd   _SCITXINTB_ISR
00008dd5   _SCITXINTC_ISR
00008c31   _SEQ1INT_ISR
00008c3b   _SEQ2INT_ISR
00008d3f   _SPIRXINTA_ISR
00008d49   _SPITXINTA_ISR
00007050   _SciaRegs
00007750   _ScibRegs
00007770   _ScicRegs
0000926f   _SerialRD
0000916e   _ServiceDog
00007040   _SpiaRegs
0000c1c0   _SwitchTable
00007010   _SysCtrlRegs
00008c63   _TINT0_ISR
0000c104   _Te
0000c116   _Te_cmd
00008c13   _USER10_ISR
00008c1d   _USER11_ISR
00008c27   _USER12_ISR
00008bb9   _USER1_ISR
00008bc3   _USER2_ISR
00008bcd   _USER3_ISR
00008bd7   _USER4_ISR
00008be1   _USER5_ISR
00008beb   _USER6_ISR
00008bf5   _USER7_ISR
00008bff   _USER8_ISR
00008c09   _USER9_ISR
0000c120   _Udc_IN
00008c6d   _WAKEINT_ISR
00008c45   _XINT1_ISR
00008c4f   _XINT2_ISR
00008e2f   _XINT3_ISR
00008e39   _XINT4_ISR
00008e43   _XINT5_ISR
00008e4d   _XINT6_ISR
00008e57   _XINT7_ISR
00007070   _XIntruptRegs
00000b20   _XintfRegs
00000700   __STACK_END
00000300   __STACK_SIZE
00000001   __TI_args_main
0000c176   ___TI_cleanup_ptr
0000c178   ___TI_dtors_ptr
ffffffff   ___binit__
ffffffff   ___c_args__
000097dc   ___cinit__
000097dc   ___etext__
ffffffff   ___pinit__
00008000   ___text__
00009799   __args_main
0000c174   __lock
000097d3   __nop
000097cf   __register_lock
000097cb   __register_unlock
00000400   __stack
0000c172   __unlock
000097b2   _abort
0000c11e   _angle
0000967e   _c_int00
0000c182   _code_start
0000c17a   _conv_flg
000095c5   _cos
000087bf   _epwm1_timer_isr
000097b4   _exit
0000c14e   _iabc
0000c122   _ialbe
0000c126   _idq
0000c144   _idq_cmd
0000c181   _indexDA
0000c187   _index_Te
0000c186   _index_column
0000c180   _index_lambdas
0000c185   _index_row
0000c114   _intgrt_Tecmd
0000c10a   _lambdar
000081a9   _lambdar_cal
0000c132   _lambdaralbe
000081c1   _lambdaralbe_cal
0000c108   _lambdas
0000c118   _lambdas_cmd
0000c13a   _lambdasalbe
0000c194   _lambdasalbe_c
00008261   _lambdasalbe_current
0000822b   _lambdasalbe_voltage
0000c18c   _lambdastemp1
0000c190   _lambdastemp2
0000c198   _mSample
000096c4   _main
0000977f   _modf
0000c101   _period_count
0000c183   _received_data
000087a7   _roundn
00008e8c   _rsvd_ISR
000093dd   _scib_num_rx
000093b5   _scib_num_tx
000093cf   _scib_rx
000093d9   _scib_str_rx
0000939b   _scib_str_tx
0000938e   _scib_tx
0000c100   _sector
00008392   _sector1
0000842c   _sector2
00009626   _sin
0000c11c   _spd_cmd
0000c18a   _spd_reg
0000c112   _spd_req
0000c102   _speed
0000c1a2   _switchstate
0000c10e   _theta
0000c106   _u_cmd
0000c154   _uabc
0000c12a   _ualbe
000084c2   _ualbeSVM
0000c136   _ualbe_cmd
0000c12e   _udq
0000c140   _udq_cmd
0000c184   _variables_flag
0000c188   _vector
0000c10c   _wr
ffffffff   binit
000097dc   cinit
00000000   code_start
000097dc   etext
ffffffff   pinit


GLOBAL SYMBOLS: SORTED BY Symbol Address 

address    name
--------   ----
00000000   code_start
00000001   __TI_args_main
00000300   __STACK_SIZE
00000400   __stack
00000700   __STACK_END
00000880   _DevEmuRegs
00000a80   _FlashRegs
00000ae0   _CsmRegs
00000b00   _AdcMirror
00000b20   _XintfRegs
00000c00   _CpuTimer0Regs
00000c08   _CpuTimer1Regs
00000c10   _CpuTimer2Regs
00000ce0   _PieCtrlRegs
00000d00   _PieVectTable
00001000   _DmaRegs
00005000   _McbspaRegs
00005040   _McbspbRegs
00006000   _ECanaRegs
00006040   _ECanaLAMRegs
00006080   _ECanaMOTSRegs
000060c0   _ECanaMOTORegs
00006100   _ECanaMboxes
00006200   _ECanbRegs
00006240   _ECanbLAMRegs
00006280   _ECanbMOTSRegs
000062c0   _ECanbMOTORegs
00006300   _ECanbMboxes
00006800   _EPwm1Regs
00006840   _EPwm2Regs
00006880   _EPwm3Regs
000068c0   _EPwm4Regs
00006900   _EPwm5Regs
00006940   _EPwm6Regs
00006a00   _ECap1Regs
00006a20   _ECap2Regs
00006a40   _ECap3Regs
00006a60   _ECap4Regs
00006a80   _ECap5Regs
00006aa0   _ECap6Regs
00006b00   _EQep1Regs
00006b40   _EQep2Regs
00006f80   _GpioCtrlRegs
00006fc0   _GpioDataRegs
00006fe0   _GpioIntRegs
00007010   _SysCtrlRegs
00007040   _SpiaRegs
00007050   _SciaRegs
00007070   _XIntruptRegs
00007100   _AdcRegs
00007750   _ScibRegs
00007770   _ScicRegs
00007900   _I2caRegs
00008000   .text
00008000   ___text__
00008013   _S3toR2
00008069   _S3toS2
00008099   _S2toR2
000080c6   _R2toS3
00008140   _S2toS3
0000817c   _R2toS2
000081a9   _lambdar_cal
000081c1   _lambdaralbe_cal
0000822b   _lambdasalbe_voltage
00008261   _lambdasalbe_current
00008297   _PImodule
000082fd   _Integrator
0000830e   _LPfilter1
0000832f   _LPfilter2
00008348   _Relay_2Level
00008365   _Relay_3Level
00008392   _sector1
0000842c   _sector2
000084c2   _ualbeSVM
00008781   _RAMP
000087a7   _roundn
000087bf   _epwm1_timer_isr
00008a2d   _ISRTimer0
00008b73   _INT13_ISR
00008b7d   _INT14_ISR
00008b87   _DATALOG_ISR
00008b91   _RTOSINT_ISR
00008b9b   _EMUINT_ISR
00008ba5   _NMI_ISR
00008baf   _ILLEGAL_ISR
00008bb9   _USER1_ISR
00008bc3   _USER2_ISR
00008bcd   _USER3_ISR
00008bd7   _USER4_ISR
00008be1   _USER5_ISR
00008beb   _USER6_ISR
00008bf5   _USER7_ISR
00008bff   _USER8_ISR
00008c09   _USER9_ISR
00008c13   _USER10_ISR
00008c1d   _USER11_ISR
00008c27   _USER12_ISR
00008c31   _SEQ1INT_ISR
00008c3b   _SEQ2INT_ISR
00008c45   _XINT1_ISR
00008c4f   _XINT2_ISR
00008c59   _ADCINT_ISR
00008c63   _TINT0_ISR
00008c6d   _WAKEINT_ISR
00008c77   _EPWM1_TZINT_ISR
00008c81   _EPWM2_TZINT_ISR
00008c8b   _EPWM3_TZINT_ISR
00008c95   _EPWM4_TZINT_ISR
00008c9f   _EPWM5_TZINT_ISR
00008ca9   _EPWM6_TZINT_ISR
00008cb3   _EPWM1_INT_ISR
00008cbd   _EPWM2_INT_ISR
00008cc7   _EPWM3_INT_ISR
00008cd1   _EPWM4_INT_ISR
00008cdb   _EPWM5_INT_ISR
00008ce5   _EPWM6_INT_ISR
00008cef   _ECAP1_INT_ISR
00008cf9   _ECAP2_INT_ISR
00008d03   _ECAP3_INT_ISR
00008d0d   _ECAP4_INT_ISR
00008d17   _ECAP5_INT_ISR
00008d21   _ECAP6_INT_ISR
00008d2b   _EQEP1_INT_ISR
00008d35   _EQEP2_INT_ISR
00008d3f   _SPIRXINTA_ISR
00008d49   _SPITXINTA_ISR
00008d53   _MRINTB_ISR
00008d5d   _MXINTB_ISR
00008d67   _MRINTA_ISR
00008d71   _MXINTA_ISR
00008d7b   _DINTCH1_ISR
00008d85   _DINTCH2_ISR
00008d8f   _DINTCH3_ISR
00008d99   _DINTCH4_ISR
00008da3   _DINTCH5_ISR
00008dad   _DINTCH6_ISR
00008db7   _I2CINT1A_ISR
00008dc1   _I2CINT2A_ISR
00008dcb   _SCIRXINTC_ISR
00008dd5   _SCITXINTC_ISR
00008ddf   _SCIRXINTA_ISR
00008de9   _SCITXINTA_ISR
00008df3   _SCIRXINTB_ISR
00008dfd   _SCITXINTB_ISR
00008e07   _ECAN0INTA_ISR
00008e11   _ECAN1INTA_ISR
00008e1b   _ECAN0INTB_ISR
00008e25   _ECAN1INTB_ISR
00008e2f   _XINT3_ISR
00008e39   _XINT4_ISR
00008e43   _XINT5_ISR
00008e4d   _XINT6_ISR
00008e57   _XINT7_ISR
00008e61   _LVF_ISR
00008e6b   _LUF_ISR
00008e75   _EMPTY_ISR
00008e82   _PIE_RESERVED
00008e8c   _rsvd_ISR
00008e96   _InitPWM
00009053   _InitPORT
00009165   _InitSysCtrl
0000916e   _ServiceDog
00009178   _DisableDog
00009180   _InitPll
000091d0   _InitPeripheralClocks
0000922b   _CsmUnlock
0000925c   _InitADC
0000926f   _SerialRD
000092d0   _ParallelRD
0000934b   _InitSCIB
0000938e   _scib_tx
0000939b   _scib_str_tx
000093b5   _scib_num_tx
000093cf   _scib_rx
000093d9   _scib_str_rx
000093dd   _scib_num_rx
000093e1   FS$$DIV
00009469   _InitCpuTimers
000094aa   _ConfigCpuTimer
000094e5   _InitECAP
0000955c   _DACout
000095c5   _cos
00009626   _sin
0000967e   _c_int00
000096c4   _main
00009704   _InitQEP1
00009737   _InitPieCtrl
00009756   _EnableInterrupts
0000975f   _InitPieVectTable
0000977f   _modf
00009799   __args_main
000097b2   C$$EXIT
000097b2   _abort
000097b4   _exit
000097cb   __register_unlock
000097cf   __register_lock
000097d3   __nop
000097dc   ___cinit__
000097dc   ___etext__
000097dc   cinit
000097dc   etext
00009920   _DSP28x_usDelay
0000c000   _PieVectTableInit
0000c100   _sector
0000c101   _period_count
0000c102   _speed
0000c104   _Te
0000c106   _u_cmd
0000c108   _lambdas
0000c10a   _lambdar
0000c10c   _wr
0000c10e   _theta
0000c110   _Kp_Tecmd
0000c112   _spd_req
0000c114   _intgrt_Tecmd
0000c116   _Te_cmd
0000c118   _lambdas_cmd
0000c11a   _Ki_Tecmd
0000c11c   _spd_cmd
0000c11e   _angle
0000c120   _Udc_IN
0000c122   _ialbe
0000c126   _idq
0000c12a   _ualbe
0000c12e   _udq
0000c132   _lambdaralbe
0000c136   _ualbe_cmd
0000c13a   _lambdasalbe
0000c140   _udq_cmd
0000c144   _idq_cmd
0000c148   _Dabc
0000c14e   _iabc
0000c154   _uabc
0000c15a   _CpuTimer1
0000c162   _CpuTimer2
0000c16a   _CpuTimer0
0000c172   __unlock
0000c174   __lock
0000c176   ___TI_cleanup_ptr
0000c178   ___TI_dtors_ptr
0000c17a   _conv_flg
0000c17b   _PhaSft
0000c180   _index_lambdas
0000c181   _indexDA
0000c182   _code_start
0000c183   _received_data
0000c184   _variables_flag
0000c185   _index_row
0000c186   _index_column
0000c187   _index_Te
0000c188   _vector
0000c18a   _spd_reg
0000c18c   _lambdastemp1
0000c190   _lambdastemp2
0000c194   _lambdasalbe_c
0000c198   _mSample
0000c1a2   _switchstate
0000c1c0   _SwitchTable
0033fff8   _CsmPwl
00380080   _ADC_cal
ffffffff   ___binit__
ffffffff   ___c_args__
ffffffff   ___pinit__
ffffffff   binit
ffffffff   pinit

[265 symbols]
